// Copyright (c) Microsoft Corporation.
// Licensed under the MIT license.
// Code generated by k8s-infra-gen. DO NOT EDIT.
package v20200101

import "encoding/json"

//Generated from: https://test.test/schemas/2020-01-01/test.json
type Test struct {

	//Base: Mutually exclusive with all other properties
	Base *Test_Base `json:"base,omitempty"`

	//Inherited: Mutually exclusive with all other properties
	Inherited *Test_Inherited `json:"inherited,omitempty"`
}

// MarshalJSON defers JSON marshaling to the first non-nil property, because Test represents a discriminated union (JSON OneOf)
func (test Test) MarshalJSON() ([]byte, error) {
	if test.Base != nil {
		return json.Marshal(test.Base)
	}
	if test.Inherited != nil {
		return json.Marshal(test.Inherited)
	}
	return nil, nil
}

type Test_Base struct {
	Width *int `json:"width,omitempty"`
}

type Test_Inherited struct {
	Height *int `json:"height,omitempty"`
	Width  *int `json:"width,omitempty"`
}
