// Copyright (c) Microsoft Corporation.
// Licensed under the MIT license.
// Code generated by k8s-infra-gen. DO NOT EDIT.
package v20200101

import "encoding/json"

//Generated from: https://test.test/schemas/2020-01-01/test.json
type Test struct {

	//Bool1: mutually exclusive with all other properties
	Bool1 *bool `json:"bool1"`

	//Foo: mutually exclusive with all other properties
	Foo *Foo `json:"foo"`

	//Object2: mutually exclusive with all other properties
	Object2 *TestObject2 `json:"object2"`
}

// MarshalJSON defers JSON marshaling to the first non-nil property, because Test represents a discriminated union (JSON OneOf)
func (test Test) MarshalJSON() ([]byte, error) {
	if test.Bool1 != nil {
		return json.Marshal(test.Bool1)
	}
	if test.Foo != nil {
		return json.Marshal(test.Foo)
	}
	if test.Object2 != nil {
		return json.Marshal(test.Object2)
	}
	return nil, nil
}

//Generated from: https://test.test/schemas/2020-01-01/test.json#/definitions/Foo
type Foo int

type TestObject2 struct {
	Foo *string `json:"foo"`
}
