// Code generated by k8s-infra. DO NOT EDIT.
// Copyright (c) Microsoft Corporation.
// Licensed under the MIT license.
package vVersion

type Party struct {
	scores []*int `json:"array-optional-int"`
}

type Person struct {
	scores []int `json:"array-required-int"`
}

func (person Person) ConvertTo(destination *Party) error {
	// staging is our intermediate type for conversion
	var staging Party

	// scores
	scoresList := make([]*int, len(person.scores))
	for index, score := range person.scores {
		scoresList[index] = &score
	}
	staging.scores = scoresList

	// use staging to populate
	staging.ConvertTo(destination)
}
