// Code generated by k8s-infra. DO NOT EDIT.
// Copyright (c) Microsoft Corporation.
// Licensed under the MIT license.
package vVersion

type Staging struct {
	name *string `json:"optional-string"`
}

type Subject struct {
	name *string `json:"optional-string"`
}

func (subject Subject) ConvertFrom(source *Staging) error {

	// name
	subject.name = source.name
}
