// Code generated by k8s-infra. DO NOT EDIT.
// Copyright (c) Microsoft Corporation.
// Licensed under the MIT license.
package vVersion

type Staging struct {
	age *int `json:"optional-int"`
}

type Subject struct {
	age int `json:"required-int"`
}

func (subject Subject) ConvertFrom(source *Staging) error {
	// staging is our intermediate type for conversion
	var staging Staging

	// populate staging from source
	staging.ConvertFrom(source)

	// age
	if staging.age != nil {
		subject.age = *staging.age
	} else {
		subject.age = 0
	}
}
