// Code generated by k8s-infra. DO NOT EDIT.
// Copyright (c) Microsoft Corporation.
// Licensed under the MIT license.
package vVersion

type Party struct {
	scores []int `json:"array-required-int"`
}

type Person struct {
	scores []int `json:"array-required-int"`
}

func (person Person) ConvertFrom(source *Party) error {
	// staging is our intermediate type for conversion
	var personTemp Party

	// first populate staging
	personTemp.ConvertFrom(source)

	// scores
	scoresList := make([]int, len(personTemp.scores))
	for index, score := range personTemp.scores {
		scoresList[index] = score
	}

	person.scores = scoresList
}
