// Code generated by k8s-infra. DO NOT EDIT.
// Copyright (c) Microsoft Corporation.
// Licensed under the MIT license.
package vVersion

type Staging struct {
	OptionalString *string `json:"optional-string"`
}

type Subject struct {
	OptionalString *string `json:"optional-string"`
}

func (subject Subject) ConvertFrom(source *Staging) error {

	// OptionalString
	subject.OptionalString = source.OptionalString
}
