// Code generated by k8s-infra. DO NOT EDIT.
// Copyright (c) Microsoft Corporation.
// Licensed under the MIT license.
package vVersion

type Staging struct {
	scores []int `json:"array-required-int"`
}

type Subject struct {
	scores []*int `json:"array-optional-int"`
}

func (subject Subject) ConvertFrom(source *Staging) error {

	// scores
	temp := make([]*int, len(source.scores))
	for index, item := range source.scores {
		temp[index] = &item
	}
	subject.scores = temp
}
