// Code generated by k8s-infra. DO NOT EDIT.
// Copyright (c) Microsoft Corporation.
// Licensed under the MIT license.
package vVersion

type Staging struct {
	OptionalString *string `json:"optional-string"`
}

type Subject struct {
	OptionalString *string `json:"optional-string"`
}

func (subject Subject) ConvertFrom(source *Staging) error {
	// staging is our intermediate type for conversion
	var staging Staging

	// populate staging from source
	staging.ConvertFrom(source)

	// OptionalString
	subject.OptionalString = staging.OptionalString
}
