// Code generated by k8s-infra. DO NOT EDIT.
// Copyright (c) Microsoft Corporation.
// Licensed under the MIT license.
package vVersion

type Party struct {
	scores []*int `json:"array-optional-int"`
}

type Person struct {
	scores []int `json:"array-required-int"`
}

func (person Person) ConvertTo(destination *Party) error {

	// scores
	scoresList := make([]*int, len(person.scores))
	for index, score := range person.scores {
		scoresList[index] = &score
	}
	destination.scores = scoresList
}
