// Code generated by k8s-infra. DO NOT EDIT.
// Copyright (c) Microsoft Corporation.
// Licensed under the MIT license.
package vVersion

type Staging struct {
	scores []int `json:"array-required-int"`
}

type Subject struct {
	scores []*int `json:"array-optional-int"`
}

func (subject Subject) ConvertFrom(source *Staging) error {
	// staging is our intermediate type for conversion
	var subjectTemp Staging

	// first populate staging
	subjectTemp.ConvertFrom(source)

	// scores
	scoresList := make([]*int, len(subjectTemp.scores))
	for index, score := range subjectTemp.scores {
		scoresList[index] = &score
	}
	subject.scores = scoresList
}
