// Code generated by k8s-infra. DO NOT EDIT.
// Copyright (c) Microsoft Corporation.
// Licensed under the MIT license.
package vVersion

type Party struct {
	ratings map[string]int `json:"map-string-required-int"`
}

type Person struct {
	ratings map[string]int `json:"map-string-required-int"`
}

func (person Person) ConvertFrom(source *Party) error {

	// ratings
	ratingsMap := make(map[string]int)
	for key, rating := range source.ratings {
		ratingsMap[key] = rating
	}

	person.ratings = ratingsMap
}
