// Code generated by k8s-infra. DO NOT EDIT.
// Copyright (c) Microsoft Corporation.
// Licensed under the MIT license.
package vVersion

type Staging struct {
	age int `json:"required-int"`
}

type Subject struct {
	age int `json:"required-int"`
}

func (subject Subject) ConvertTo(destination *Staging) error {
	// staging is our intermediate type for conversion
	var staging Staging

	// age
	staging.age = subject.age

	// use staging to populate destination
	staging.ConvertTo(destination)
}
