// Code generated by k8s-infra. DO NOT EDIT.
// Copyright (c) Microsoft Corporation.
// Licensed under the MIT license.
package vVersion

type Staging struct {
	name string `json:"required-string"`
}

type Subject struct {
	name *string `json:"optional-string"`
}

func (subject Subject) ConvertTo(destination *Staging) error {

	// name
	if subject.name != nil {
		destination.name = *subject.name
	} else {
		destination.name = ""
	}
}
