// Code generated by k8s-infra. DO NOT EDIT.
// Copyright (c) Microsoft Corporation.
// Licensed under the MIT license.
package vCurrent

import "github.com/Azure/k8s-infra/hack/generated/_apis/Verification/vHub"

type Person struct {
	scores []*int `json:"scores"`
}

// ConvertFrom populates our Person from the provided source Person
func (person Person) ConvertFrom(source *vHub.Person) error {

	// scores
	score1List := make([]*int, len(source.scores))
	for score1Index, score1Item := range source.scores {
		score := score1Item
		score1List[score1Index] = &score
	}
	person.scores = score1List

	// No error
	return nil
}

// ConvertTo populates the provided destination Person from our Person
func (person Person) ConvertTo(destination *vHub.Person) error {

	// scores
	scoreList := make([]int, len(person.scores))
	for scoreIndex, scoreItem := range person.scores {
		if scoreItem != nil {
			scoreList[scoreIndex] = *scoreItem
		} else {
			scoreList[scoreIndex] = 0
		}
	}
	destination.scores = scoreList

	// No error
	return nil
}
