// Code generated by k8s-infra. DO NOT EDIT.
// Copyright (c) Microsoft Corporation.
// Licensed under the MIT license.
package vCurrent

import "github.com/Azure/k8s-infra/hack/generated/_apis/Verification/vHub"

type Person struct {
	scores []int `json:"scores"`
}

// ConvertFrom populates our Person from the provided source Person
func (person Person) ConvertFrom(source *vHub.Person) error {

	// scores
	scoreList := make([]int, len(source.scores))
	for scoreIndex, score := range source.scores {
		scoreList[scoreIndex] = score
	}

	person.scores = scoreList
}

// ConvertTo populates the provided destination Person from our Person
func (person Person) ConvertTo(destination *vHub.Person) error {

	// scores
	scoreList := make([]int, len(person.scores))
	for scoreIndex, score := range person.scores {
		scoreList[scoreIndex] = score
	}

	destination.scores = scoreList
}
