// Code generated by k8s-infra. DO NOT EDIT.
// Copyright (c) Microsoft Corporation.
// Licensed under the MIT license.
package vCurrent

import (
	"github.com/Azure/k8s-infra/hack/generated/_apis/Verification/vHub"
	"github.com/Azure/k8s-infra/hack/generated/_apis/Verification/vNext"
)

type Person struct {
	scores []*int `json:"array-optional-int"`
}

func (person Person) ConvertFrom(source *vHub.Person) error {
	// personTemp is our intermediate for conversion
	var personTemp vNext.Person

	// Populate personTemp from source
	personTemp.ConvertFrom(source)

	// scores
	scoresList := make([]*int, len(personTemp.scores))
	for scoreIndex, score := range personTemp.scores {
		scoresList[scoreIndex] = &score
	}

	person.scores = scoresList
}

func (person Person) ConvertTo(destination *vHub.Person) error {
	// personTemp is our intermediate for conversion
	var personTemp vNext.Person

	// scores
	scoresList := make([]int, len(person.scores))
	for scoreIndex, score := range person.scores {
		if score != nil {
			scoresList[scoreIndex] = *score
		} else {
			scoresList[scoreIndex] = 0
		}
	}

	personTemp.scores = scoresList

	// Populate destination from personTemp
	personTemp.ConvertTo(destination)
}
