// Code generated by k8s-infra. DO NOT EDIT.
// Copyright (c) Microsoft Corporation.
// Licensed under the MIT license.
package vCurrent

import (
	"github.com/Azure/k8s-infra/hack/generated/_apis/Verification/vHub"
	"github.com/Azure/k8s-infra/hack/generated/_apis/Verification/vNext"
)

type Person struct {
	age int `json:"age"`
}

// ConvertFrom populates our Person from the provided source Person
func (person Person) ConvertFrom(source *vHub.Person) error {
	// personTemp is our intermediate for conversion
	var personTemp vNext.Person

	// Populate personTemp from source
	personTemp.ConvertFrom(source)

	// age
	if personTemp.age != nil {
		person.age = *personTemp.age
	} else {
		person.age = 0
	}
}

// ConvertTo populates the provided destination Person from our Person
func (person Person) ConvertTo(destination *vHub.Person) error {
	// personTemp is our intermediate for conversion
	var personTemp vNext.Person

	// age
	personTemp.age = &person.age

	// Populate destination from personTemp
	personTemp.ConvertTo(destination)
}
