// Code generated by k8s-infra. DO NOT EDIT.
// Copyright (c) Microsoft Corporation.
// Licensed under the MIT license.
package vVersion

type Party struct {
	age int `json:"required-int"`
}

type Person struct {
	age int `json:"required-int"`
}

func (person Person) ConvertFrom(source *Party) error {
	// staging is our intermediate type for conversion
	var personTemp Party

	// first populate staging
	personTemp.ConvertFrom(source)

	// age
	person.age = personTemp.age
}

func (person Person) ConvertTo(destination *Party) error {
	// staging is our intermediate type for conversion
	var staging Party

	// age
	staging.age = person.age

	// use staging to populate
	staging.ConvertTo(destination)
}
