// Code generated by k8s-infra. DO NOT EDIT.
// Copyright (c) Microsoft Corporation.
// Licensed under the MIT license.
package vCurrent

import "github.com/Azure/k8s-infra/hack/generated/_apis/Verification/vNext"

type Person struct {
	ratings map[string]*int `json:"ratings"`
}

// ConvertFrom populates our Person from the provided source Person
func (person Person) ConvertFrom(source *vNext.Person) error {

	// ratings
	rating1Map := make(map[string]*int)
	for rating1Key, rating1Value := range source.ratings {
		rating := rating1Value
		rating1Map[rating1Key] = &rating
	}
	person.ratings = rating1Map

	// No error
	return nil
}

// ConvertTo populates the provided destination Person from our Person
func (person Person) ConvertTo(destination *vNext.Person) error {

	// ratings
	ratingMap := make(map[string]int)
	for ratingKey, ratingValue := range person.ratings {
		if ratingValue != nil {
			ratingMap[ratingKey] = *ratingValue
		} else {
			ratingMap[ratingKey] = 0
		}
	}
	destination.ratings = ratingMap

	// No error
	return nil
}
