// Code generated by k8s-infra. DO NOT EDIT.
// Copyright (c) Microsoft Corporation.
// Licensed under the MIT license.
package vVersion

type Party struct {
	ratings map[string]int `json:"map-string-required-int"`
}

type Person struct {
	ratings map[string]int `json:"map-string-required-int"`
}

func (person Person) ConvertFrom(source *Party) error {
	// personTemp is our intermediate for conversion
	var personTemp Party

	// Populate personTemp from source
	personTemp.ConvertFrom(source)

	// ratings
	ratingsMap := make(map[string]int)
	for ratingKey, rating := range personTemp.ratings {
		ratingsMap[ratingKey] = rating
	}

	person.ratings = ratingsMap
}

func (person Person) ConvertTo(destination *Party) error {
	// personTemp is our intermediate for conversion
	var personTemp Party

	// ratings
	ratingsMap := make(map[string]int)
	for ratingKey, rating := range person.ratings {
		ratingsMap[ratingKey] = rating
	}

	personTemp.ratings = ratingsMap

	// Populate destination from personTemp
	personTemp.ConvertTo(destination)
}
