// Code generated by k8s-infra. DO NOT EDIT.
// Copyright (c) Microsoft Corporation.
// Licensed under the MIT license.
package vVersion

type Party struct {
	ratings map[string]*int `json:"map-string-required-int"`
}

type Person struct {
	ratings map[string]int `json:"map-string-required-int"`
}

func (person Person) ConvertFrom(source *Party) error {

	// ratings
	ratingsMap := make(map[string]int)
	for key, rating := range source.ratings {
		if rating != nil {
			ratingsMap[key] = *rating
		} else {
			ratingsMap[key] = 0
		}
	}

	person.ratings = ratingsMap
}

func (person Person) ConvertTo(destination *Party) error {

	// ratings
	ratingsMap := make(map[string]*int)
	for key, rating := range person.ratings {
		ratingsMap[key] = &rating
	}

	destination.ratings = ratingsMap
}
