// Code generated by k8s-infra. DO NOT EDIT.
// Copyright (c) Microsoft Corporation.
// Licensed under the MIT license.
package vCurrent

import "github.com/Azure/k8s-infra/hack/generated/_apis/Verification/vHub"

type Person struct {
	ratings map[string]int `json:"ratings"`
}

// ConvertFrom populates our Person from the provided source Person
func (person Person) ConvertFrom(source *vHub.Person) error {

	// ratings
	ratingMap := make(map[string]int)
	for ratingKey, ratingValue := range source.ratings {
		ratingValue := ratingValue
		ratingMap[ratingKey] = ratingValue
	}

	person.ratings = ratingMap

	// No error
	return nil
}

// ConvertTo populates the provided destination Person from our Person
func (person Person) ConvertTo(destination *vHub.Person) error {

	// ratings
	ratingMap := make(map[string]int)
	for ratingKey, ratingValue := range person.ratings {
		ratingValue := ratingValue
		ratingMap[ratingKey] = ratingValue
	}

	destination.ratings = ratingMap

	// No error
	return nil
}
