// Code generated by k8s-infra. DO NOT EDIT.
// Copyright (c) Microsoft Corporation.
// Licensed under the MIT license.
package vCurrent

import (
	"github.com/Azure/k8s-infra/hack/generated/_apis/Verification/vHub"
	"github.com/Azure/k8s-infra/hack/generated/_apis/Verification/vNext"
)

type Person struct {
	ratings map[string]int `json:"ratings"`
}

// ConvertFrom populates our Person from the provided source Person
func (person Person) ConvertFrom(source *vHub.Person) error {
	// personTemp is our intermediate for conversion
	var personTemp vNext.Person

	// Populate personTemp from source
	err := personTemp.ConvertFrom(source)
	if err != nil {
		return errors.Wrap(err, "for person, calling personTemp.ConvertFrom(source)")
	}

	// ratings
	ratingMap := make(map[string]int)
	for ratingKey, ratingValue := range personTemp.ratings {
		ratingValue := ratingValue
		if ratingValue != nil {
			ratingMap[ratingKey] = *ratingValue
		} else {
			ratingMap[ratingKey] = 0
		}
	}

	person.ratings = ratingMap

	// No error
	return nil
}

// ConvertTo populates the provided destination Person from our Person
func (person Person) ConvertTo(destination *vHub.Person) error {
	// personTemp is our intermediate for conversion
	var personTemp vNext.Person

	// ratings
	rating1Map := make(map[string]*int)
	for rating1Key, rating1Value := range person.ratings {
		rating1Value := rating1Value
		rating := rating1Value
		rating1Map[rating1Key] = &rating
	}

	personTemp.ratings = rating1Map

	// Populate destination from personTemp
	err := personTemp.ConvertTo(destination)
	if err != nil {
		return errors.Wrap(err, "for person, calling personTemp.ConvertTo(destination)")
	}

	// No error
	return nil
}
