// Code generated by k8s-infra. DO NOT EDIT.
// Copyright (c) Microsoft Corporation.
// Licensed under the MIT license.
package vCurrent

import "github.com/Azure/k8s-infra/hack/generated/_apis/Verification/vNext"

type Person struct {
	name *string `json:"name"`
}

// ConvertFromVNext populates our Person from the provided source Person
func (person Person) ConvertFromVNext(source *vNext.Person) error {

	// name
	var name string
	if source.name != nil {
		name = *source.name
	} else {
		name = ""
	}
	person.name = &name

	// No error
	return nil
}

// ConvertToVNext populates the provided destination Person from our Person
func (person Person) ConvertToVNext(destination *vNext.Person) error {

	// name
	var name string
	if person.name != nil {
		name = *person.name
	} else {
		name = ""
	}
	destination.name = &name

	// No error
	return nil
}
