// Code generated by k8s-infra. DO NOT EDIT.
// Copyright (c) Microsoft Corporation.
// Licensed under the MIT license.
package vCurrent

import "github.com/Azure/k8s-infra/hack/generated/_apis/Verification/vHub"

type Person struct {
	release *Release `json:"release"`
}

// ConvertFrom populates our Person from the provided source Person
func (person Person) ConvertFrom(source *vHub.Person) error {

	// release
	release := Release(source.release)
	person.release = &release

	// No error
	return nil
}

// ConvertTo populates the provided destination Person from our Person
func (person Person) ConvertTo(destination *vHub.Person) error {

	// release
	if person.release != nil {
		destination.release = Release(*person.release)
	} else {
		destination.release = Release("")
	}

	// No error
	return nil
}
