// Code generated by k8s-infra. DO NOT EDIT.
// Copyright (c) Microsoft Corporation.
// Licensed under the MIT license.
package vCurrent

import "github.com/Azure/k8s-infra/hack/generated/_apis/Verification/vNext"

type Person struct {
	role *Release `json:"role"`
}

// ConvertFrom populates our Person from the provided source Person
func (person Person) ConvertFrom(source *vNext.Person) error {

	// role
	if source.role != nil {
		var role Release
		err := role.ConvertFrom(source.role)
		if err != nil {
			return errors.Wrap(err, "populating role from role, calling ConvertFrom()")
		}
		person.role = &role
	} else {
		person.role = nil
	}

	// No error
	return nil
}

// ConvertTo populates the provided destination Person from our Person
func (person Person) ConvertTo(destination *vNext.Person) error {

	// role
	if person.role != nil {
		var role vNext.Release
		err := person.role.ConvertTo(role)
		if err != nil {
			return errors.Wrap(err, "populating role from role, calling ConvertTo()")
		}
		destination.role = &role
	} else {
		destination.role = nil
	}

	// No error
	return nil
}
