// Code generated by k8s-infra. DO NOT EDIT.
// Copyright (c) Microsoft Corporation.
// Licensed under the MIT license.
package vCurrent

import "github.com/Azure/k8s-infra/hack/generated/_apis/Verification/vNext"

type Person struct {
	release *Bucket `json:"release"`
}

// ConvertFromVNext populates our Person from the provided source Person
func (person Person) ConvertFromVNext(source *vNext.Person) error {

	// release
	if source.release != nil {
		// Copy to a local to avoid aliasing
		release := Bucket(*source.release)
		person.release = &release
	} else {
		person.release = Bucket("")
	}

	// No error
	return nil
}

// ConvertToVNext populates the provided destination Person from our Person
func (person Person) ConvertToVNext(destination *vNext.Person) error {

	// release
	if person.release != nil {
		// Copy to a local to avoid aliasing
		release := Container(*person.release)
		destination.release = &release
	} else {
		destination.release = Container("")
	}

	// No error
	return nil
}
