// Code generated by k8s-infra. DO NOT EDIT.
// Copyright (c) Microsoft Corporation.
// Licensed under the MIT license.
package vVersion

type Party struct {
	name *string `json:"optional-string"`
}

type Person struct {
	name *string `json:"optional-string"`
}

func (person Person) ConvertFrom(source *Party) error {

	// name
	person.name = source.name
}

func (person Person) ConvertTo(destination *Party) error {

	// name
	destination.name = person.name
}
