// Code generated by k8s-infra. DO NOT EDIT.
// Copyright (c) Microsoft Corporation.
// Licensed under the MIT license.
package vCurrent

import (
	"github.com/Azure/k8s-infra/hack/generated/_apis/Verification/vHub"
	"github.com/Azure/k8s-infra/hack/generated/_apis/Verification/vNext"
)

type Person struct {
	name string `json:"required-string"`
}

func (person Person) ConvertFrom(source *vHub.Person) error {
	// personTemp is our intermediate for conversion
	var personTemp vNext.Person

	// Populate personTemp from source
	personTemp.ConvertFrom(source)

	// name
	if personTemp.name != nil {
		person.name = *personTemp.name
	} else {
		person.name = ""
	}
}

func (person Person) ConvertTo(destination *vHub.Person) error {
	// personTemp is our intermediate for conversion
	var personTemp vNext.Person

	// name
	personTemp.name = &person.name

	// Populate destination from personTemp
	personTemp.ConvertTo(destination)
}
