// Copyright (c) Microsoft Corporation.
// Licensed under the MIT license.
// This is a generated file. Please do not make manual changes.
package v20200101

import metav1 "k8s.io/apimachinery/pkg/apis/meta/v1"

/* Generated from: https://test.test/schemas/2020-01-01/test.json */
type Test struct {
	NotRequired *string `json:"notRequired"`
}
