Expected Pipeline Stages for ARM Code Generation
------------------------------------------------
loadSchema                          import     Load and walk schema
augmentStatus                       import     Add information from Swagger specs for 'status' fields
allof-anyof-objects                 core       Convert allOf and oneOf to object types
flatten-resources                   core       Flatten nested resource types
stripUnreferenced                   core       Strip unreferenced types
nameTypes                           core       Name inner types for CRD
propertyRewrites                    core       Applying type transformers to properties
determineResourceOwnership          azure      Determine ARM resource relationships
removeAliases                       core       Remove type aliases
pluralizeNames                      core       Improve resource pluralization
stripUnreferenced                   core       Strip unreferenced types
filterTypes                         core       Filter generated types
stripUnreferenced                   core       Strip unreferenced types
replaceAnyTypeWithJSON              core       Replacing interface{}s with arbitrary JSON
reportTypesAndVersions              reporting  Generate reports on types and versions in each package
createArmTypes                      azure      Create ARM types and remove ARM-only properties from Kubernetes types
applyKubernetesResourceInterface    azure      Ensures that every resource implements the KubernetesResource interface
createStorage                       core       Create storage versions of CRD types
simplifyDefinitions                 core       Flatten definitions by removing wrapper types
jsonTestCases                       core       Add test cases to verify JSON serialization
markStorageVersion                  core       Marking the latest version of each resource as the storage version
rogueCheck                          core       Catch rogue definitions using AnyTypes
statusCheck                         core       Check for missing status information
deleteGenerated                     export     Delete generated code from 
exportPackages                      export     Export packages to ""
