// Copyright (c) Microsoft Corporation.
// Licensed under the MIT license.
// Code generated by k8s-infra-gen. DO NOT EDIT.
package v20200101

//Generated from: https://test.test/schemas/2020-01-01/test.json
type Test struct {
	Length *int `json:"length,omitempty"`
	Width  *int `json:"width,omitempty"`
}
