type
/* Generated from: https://test.test/schemas/2020-01-01/test.json */
Test struct {
	Tags struct {
	} `json:"tags"`
}