// Copyright (c) Microsoft Corporation.
// Licensed under the MIT license.
// Code generated by k8s-infra-gen. DO NOT EDIT.
package v20200101

import "k8s.io/apiextensions-apiserver/pkg/apis/apiextensions/v1"

//Generated from: https://test.test/schemas/2020-01-01/test.json
type Test struct {
	Foo *v1.JSON `json:"foo,omitempty"`
}
