// Copyright (c) Microsoft Corporation.
// Licensed under the MIT license.
// Code generated by k8s-infra-gen. DO NOT EDIT.
package v20200101

//Generated from: https://test.test/schemas/2020-01-01/test.json
type Test struct {
	MyEnum *TestMyEnum `json:"myEnum,omitempty"`
}

// +kubebuilder:validation:Enum={"a","b","*"}
type TestMyEnum string

const (
	TestMyEnumA    = TestMyEnum("a")
	TestMyEnumB    = TestMyEnum("b")
	TestMyEnumStar = TestMyEnum("*")
)
