// Code generated by k8s-infra. DO NOT EDIT.
// Copyright (c) Microsoft Corporation.
// Licensed under the MIT license.
package v1alpha1api20200101

import (
	"fmt"
	"github.com/Azure/k8s-infra/hack/generated/pkg/genruntime"
	metav1 "k8s.io/apimachinery/pkg/apis/meta/v1"
	"sigs.k8s.io/controller-runtime/pkg/webhook/admission"
)

// +kubebuilder:object:root=true
// +kubebuilder:storageversion
//Generated from: https://test.test/schemas/2020-01-01/test.json#/resourceDefinitions/A
type A struct {
	metav1.TypeMeta   `json:",inline"`
	metav1.ObjectMeta `json:"metadata,omitempty"`
	Spec              A_Spec `json:"spec,omitempty"`
}

// +kubebuilder:webhook:path=/mutate-test-infra-azure-com-v1alpha1api20200101-a,mutating=true,sideEffects=None,matchPolicy=Exact,failurePolicy=fail,groups=test.infra.azure.com,resources=as,verbs=create;update,versions=v1alpha1api20200101,name=default.v1alpha1api20200101.as.test.infra.azure.com,admissionReviewVersions=v1beta1

var _ admission.Defaulter = &A{}

// Default defaults the Azure name of the resource to the Kubernetes name
func (a *A) Default() {
	if a.Spec.AzureName == "" {
		a.Spec.AzureName = a.Name
	}
}

var _ genruntime.KubernetesResource = &A{}

// AzureName returns the Azure name of the resource
func (a *A) AzureName() string {
	return a.Spec.AzureName
}

// Owner returns the ResourceReference of the owner, or nil if there is no owner
func (a *A) Owner() *genruntime.ResourceReference {
	group, kind := genruntime.LookupOwnerGroupKind(a.Spec)
	return &genruntime.ResourceReference{Name: a.Spec.Owner.Name, Group: group, Kind: kind}
}

// +kubebuilder:object:root=true
//Generated from: https://test.test/schemas/2020-01-01/test.json#/resourceDefinitions/A
type AList struct {
	metav1.TypeMeta `json:",inline"`
	metav1.ListMeta `json:"metadata,omitempty"`
	Items           []A `json:"items"`
}

type A_SpecArm struct {
	ApiVersion ASpecApiVersion `json:"apiVersion"`
	Name       string          `json:"name"`
	Properties *APropertiesArm `json:"properties,omitempty"`
	Type       ASpecType       `json:"type"`
}

var _ genruntime.ArmResourceSpec = &A_SpecArm{}

// GetApiVersion returns the ApiVersion of the resource
func (aSpecArm A_SpecArm) GetApiVersion() string {
	return string(aSpecArm.ApiVersion)
}

// GetName returns the Name of the resource
func (aSpecArm A_SpecArm) GetName() string {
	return aSpecArm.Name
}

// GetType returns the Type of the resource
func (aSpecArm A_SpecArm) GetType() string {
	return string(aSpecArm.Type)
}

//Generated from: https://test.test/schemas/2020-01-01/test.json#/definitions/AProperties
type APropertiesArm struct {
	Left  *Left_SubResourceEmbeddedArm    `json:"left,omitempty"`
	Right *Right_SubResourceEmbedded_1Arm `json:"right,omitempty"`
}

// +kubebuilder:validation:Enum={"2020-06-01"}
type ASpecApiVersion string

const ASpecApiVersion20200601 = ASpecApiVersion("2020-06-01")

// +kubebuilder:validation:Enum={"Microsoft.Azure/A"}
type ASpecType string

const ASpecTypeMicrosoftAzureA = ASpecType("Microsoft.Azure/A")

type A_Spec struct {
	//AzureName: The name of the resource in Azure. This is often the same as the name
	//of the resource in Kubernetes but it doesn't have to be.
	AzureName string `json:"azureName"`

	// +kubebuilder:validation:Required
	Owner      genruntime.KnownResourceReference `group:"microsoft.resources.infra.azure.com" json:"owner" kind:"ResourceGroup"`
	Properties *AProperties                      `json:"properties,omitempty"`
}

var _ genruntime.ArmTransformer = &A_Spec{}

// ConvertToArm converts from a Kubernetes CRD object to an ARM object
func (aSpec *A_Spec) ConvertToArm(name string) (interface{}, error) {
	if aSpec == nil {
		return nil, nil
	}
	var result A_SpecArm
	result.ApiVersion = ASpecApiVersion20200601
	result.Name = name
	if aSpec.Properties != nil {
		properties, err := (*aSpec.Properties).ConvertToArm(name)
		if err != nil {
			return nil, err
		}
		propertiesTyped := properties.(APropertiesArm)
		result.Properties = &propertiesTyped
	}
	result.Type = ASpecTypeMicrosoftAzureA
	return result, nil
}

// CreateEmptyArmValue returns an empty ARM value suitable for deserializing into
func (aSpec *A_Spec) CreateEmptyArmValue() interface{} {
	return A_SpecArm{}
}

// PopulateFromArm populates a Kubernetes CRD object from an Azure ARM object
func (aSpec *A_Spec) PopulateFromArm(owner genruntime.KnownResourceReference, armInput interface{}) error {
	typedInput, ok := armInput.(A_SpecArm)
	if !ok {
		return fmt.Errorf("unexpected type supplied for PopulateFromArm() function. Expected A_SpecArm, got %T", armInput)
	}
	aSpec.SetAzureName(genruntime.ExtractKubernetesResourceNameFromArmName(typedInput.Name))
	aSpec.Owner = owner
	var err error
	if typedInput.Properties != nil {
		var properties AProperties
		err = properties.PopulateFromArm(owner, *typedInput.Properties)
		if err != nil {
			return err
		}
		propertiesTyped := properties
		aSpec.Properties = &propertiesTyped
	}
	return nil
}

// SetAzureName sets the Azure name of the resource
func (aSpec *A_Spec) SetAzureName(azureName string) { aSpec.AzureName = azureName }

//Generated from: https://test.test/schemas/2020-01-01/test.json#/definitions/AProperties
type AProperties struct {
	Left  *Left_SubResourceEmbedded    `json:"left,omitempty"`
	Right *Right_SubResourceEmbedded_1 `json:"right,omitempty"`
}

var _ genruntime.ArmTransformer = &AProperties{}

// ConvertToArm converts from a Kubernetes CRD object to an ARM object
func (aProperties *AProperties) ConvertToArm(name string) (interface{}, error) {
	if aProperties == nil {
		return nil, nil
	}
	var result APropertiesArm
	if aProperties.Left != nil {
		left, err := (*aProperties.Left).ConvertToArm(name)
		if err != nil {
			return nil, err
		}
		leftTyped := left.(Left_SubResourceEmbeddedArm)
		result.Left = &leftTyped
	}
	if aProperties.Right != nil {
		right, err := (*aProperties.Right).ConvertToArm(name)
		if err != nil {
			return nil, err
		}
		rightTyped := right.(Right_SubResourceEmbedded_1Arm)
		result.Right = &rightTyped
	}
	return result, nil
}

// CreateEmptyArmValue returns an empty ARM value suitable for deserializing into
func (aProperties *AProperties) CreateEmptyArmValue() interface{} {
	return APropertiesArm{}
}

// PopulateFromArm populates a Kubernetes CRD object from an Azure ARM object
func (aProperties *AProperties) PopulateFromArm(owner genruntime.KnownResourceReference, armInput interface{}) error {
	typedInput, ok := armInput.(APropertiesArm)
	if !ok {
		return fmt.Errorf("unexpected type supplied for PopulateFromArm() function. Expected APropertiesArm, got %T", armInput)
	}
	var err error
	if typedInput.Left != nil {
		var left Left_SubResourceEmbedded
		err = left.PopulateFromArm(owner, *typedInput.Left)
		if err != nil {
			return err
		}
		leftTyped := left
		aProperties.Left = &leftTyped
	}
	if typedInput.Right != nil {
		var right Right_SubResourceEmbedded_1
		err = right.PopulateFromArm(owner, *typedInput.Right)
		if err != nil {
			return err
		}
		rightTyped := right
		aProperties.Right = &rightTyped
	}
	return nil
}

//Generated from: https://test.test/schemas/2020-01-01/test.json#/definitions/Left
type Left_SubResourceEmbeddedArm struct {
	Name       *string                              `json:"name,omitempty"`
	Properties *LeftPropertiesArm                   `json:"properties,omitempty"`
	RefField   *FakeResource_SubResourceEmbeddedArm `json:"refField,omitempty"`
}

//Generated from: https://test.test/schemas/2020-01-01/test.json#/definitions/Right
type Right_SubResourceEmbedded_1Arm struct {
	Name       *string                                `json:"name,omitempty"`
	Properties *RightPropertiesArm                    `json:"properties,omitempty"`
	RefField   *FakeResource_SubResourceEmbedded_1Arm `json:"refField,omitempty"`
}

//Generated from: https://test.test/schemas/2020-01-01/test.json#/definitions/FakeResource
type FakeResource_SubResourceEmbeddedArm struct {
	Name       *string                                        `json:"name,omitempty"`
	Properties *FakeResourceProperties_SubResourceEmbeddedArm `json:"properties,omitempty"`
}

//Generated from: https://test.test/schemas/2020-01-01/test.json#/definitions/FakeResource
type FakeResource_SubResourceEmbedded_1Arm struct {
	Name       *string                                          `json:"name,omitempty"`
	Properties *FakeResourceProperties_SubResourceEmbedded_1Arm `json:"properties,omitempty"`
}

//Generated from: https://test.test/schemas/2020-01-01/test.json#/definitions/LeftProperties
type LeftPropertiesArm struct {
	StrField *string `json:"strField,omitempty"`
}

//Generated from: https://test.test/schemas/2020-01-01/test.json#/definitions/Left
type Left_SubResourceEmbedded struct {
	Name       *string                           `json:"name,omitempty"`
	Properties *LeftProperties                   `json:"properties,omitempty"`
	RefField   *FakeResource_SubResourceEmbedded `json:"refField,omitempty"`
}

var _ genruntime.ArmTransformer = &Left_SubResourceEmbedded{}

// ConvertToArm converts from a Kubernetes CRD object to an ARM object
func (leftSubResourceEmbedded *Left_SubResourceEmbedded) ConvertToArm(name string) (interface{}, error) {
	if leftSubResourceEmbedded == nil {
		return nil, nil
	}
	var result Left_SubResourceEmbeddedArm
	if leftSubResourceEmbedded.Name != nil {
		nameTyped := *leftSubResourceEmbedded.Name
		result.Name = &nameTyped
	}
	if leftSubResourceEmbedded.Properties != nil {
		properties, err := (*leftSubResourceEmbedded.Properties).ConvertToArm(name)
		if err != nil {
			return nil, err
		}
		propertiesTyped := properties.(LeftPropertiesArm)
		result.Properties = &propertiesTyped
	}
	if leftSubResourceEmbedded.RefField != nil {
		refField, err := (*leftSubResourceEmbedded.RefField).ConvertToArm(name)
		if err != nil {
			return nil, err
		}
		refFieldTyped := refField.(FakeResource_SubResourceEmbeddedArm)
		result.RefField = &refFieldTyped
	}
	return result, nil
}

// CreateEmptyArmValue returns an empty ARM value suitable for deserializing into
func (leftSubResourceEmbedded *Left_SubResourceEmbedded) CreateEmptyArmValue() interface{} {
	return Left_SubResourceEmbeddedArm{}
}

// PopulateFromArm populates a Kubernetes CRD object from an Azure ARM object
func (leftSubResourceEmbedded *Left_SubResourceEmbedded) PopulateFromArm(owner genruntime.KnownResourceReference, armInput interface{}) error {
	typedInput, ok := armInput.(Left_SubResourceEmbeddedArm)
	if !ok {
		return fmt.Errorf("unexpected type supplied for PopulateFromArm() function. Expected Left_SubResourceEmbeddedArm, got %T", armInput)
	}
	if typedInput.Name != nil {
		nameTyped := *typedInput.Name
		leftSubResourceEmbedded.Name = &nameTyped
	}
	var err error
	if typedInput.Properties != nil {
		var properties LeftProperties
		err = properties.PopulateFromArm(owner, *typedInput.Properties)
		if err != nil {
			return err
		}
		propertiesTyped := properties
		leftSubResourceEmbedded.Properties = &propertiesTyped
	}
	if typedInput.RefField != nil {
		var refField FakeResource_SubResourceEmbedded
		err = refField.PopulateFromArm(owner, *typedInput.RefField)
		if err != nil {
			return err
		}
		refFieldTyped := refField
		leftSubResourceEmbedded.RefField = &refFieldTyped
	}
	return nil
}

//Generated from: https://test.test/schemas/2020-01-01/test.json#/definitions/RightProperties
type RightPropertiesArm struct {
	StrField *string `json:"strField,omitempty"`
}

//Generated from: https://test.test/schemas/2020-01-01/test.json#/definitions/Right
type Right_SubResourceEmbedded_1 struct {
	Name       *string                             `json:"name,omitempty"`
	Properties *RightProperties                    `json:"properties,omitempty"`
	RefField   *FakeResource_SubResourceEmbedded_1 `json:"refField,omitempty"`
}

var _ genruntime.ArmTransformer = &Right_SubResourceEmbedded_1{}

// ConvertToArm converts from a Kubernetes CRD object to an ARM object
func (rightSubResourceEmbedded1 *Right_SubResourceEmbedded_1) ConvertToArm(name string) (interface{}, error) {
	if rightSubResourceEmbedded1 == nil {
		return nil, nil
	}
	var result Right_SubResourceEmbedded_1Arm
	if rightSubResourceEmbedded1.Name != nil {
		nameTyped := *rightSubResourceEmbedded1.Name
		result.Name = &nameTyped
	}
	if rightSubResourceEmbedded1.Properties != nil {
		properties, err := (*rightSubResourceEmbedded1.Properties).ConvertToArm(name)
		if err != nil {
			return nil, err
		}
		propertiesTyped := properties.(RightPropertiesArm)
		result.Properties = &propertiesTyped
	}
	if rightSubResourceEmbedded1.RefField != nil {
		refField, err := (*rightSubResourceEmbedded1.RefField).ConvertToArm(name)
		if err != nil {
			return nil, err
		}
		refFieldTyped := refField.(FakeResource_SubResourceEmbedded_1Arm)
		result.RefField = &refFieldTyped
	}
	return result, nil
}

// CreateEmptyArmValue returns an empty ARM value suitable for deserializing into
func (rightSubResourceEmbedded1 *Right_SubResourceEmbedded_1) CreateEmptyArmValue() interface{} {
	return Right_SubResourceEmbedded_1Arm{}
}

// PopulateFromArm populates a Kubernetes CRD object from an Azure ARM object
func (rightSubResourceEmbedded1 *Right_SubResourceEmbedded_1) PopulateFromArm(owner genruntime.KnownResourceReference, armInput interface{}) error {
	typedInput, ok := armInput.(Right_SubResourceEmbedded_1Arm)
	if !ok {
		return fmt.Errorf("unexpected type supplied for PopulateFromArm() function. Expected Right_SubResourceEmbedded_1Arm, got %T", armInput)
	}
	if typedInput.Name != nil {
		nameTyped := *typedInput.Name
		rightSubResourceEmbedded1.Name = &nameTyped
	}
	var err error
	if typedInput.Properties != nil {
		var properties RightProperties
		err = properties.PopulateFromArm(owner, *typedInput.Properties)
		if err != nil {
			return err
		}
		propertiesTyped := properties
		rightSubResourceEmbedded1.Properties = &propertiesTyped
	}
	if typedInput.RefField != nil {
		var refField FakeResource_SubResourceEmbedded_1
		err = refField.PopulateFromArm(owner, *typedInput.RefField)
		if err != nil {
			return err
		}
		refFieldTyped := refField
		rightSubResourceEmbedded1.RefField = &refFieldTyped
	}
	return nil
}

//Generated from: https://test.test/schemas/2020-01-01/test.json#/definitions/FakeResourceProperties
type FakeResourceProperties_SubResourceEmbeddedArm struct {
	Loop2 *Right_SubResourceEmbeddedArm `json:"loop2,omitempty"`
}

//Generated from: https://test.test/schemas/2020-01-01/test.json#/definitions/FakeResourceProperties
type FakeResourceProperties_SubResourceEmbedded_1Arm struct {
	Loop1 *Left_SubResourceEmbedded_1Arm `json:"loop1,omitempty"`
}

//Generated from: https://test.test/schemas/2020-01-01/test.json#/definitions/FakeResource
type FakeResource_SubResourceEmbedded struct {
	Name       *string                                     `json:"name,omitempty"`
	Properties *FakeResourceProperties_SubResourceEmbedded `json:"properties,omitempty"`
}

var _ genruntime.ArmTransformer = &FakeResource_SubResourceEmbedded{}

// ConvertToArm converts from a Kubernetes CRD object to an ARM object
func (fakeResourceSubResourceEmbedded *FakeResource_SubResourceEmbedded) ConvertToArm(name string) (interface{}, error) {
	if fakeResourceSubResourceEmbedded == nil {
		return nil, nil
	}
	var result FakeResource_SubResourceEmbeddedArm
	if fakeResourceSubResourceEmbedded.Name != nil {
		nameTyped := *fakeResourceSubResourceEmbedded.Name
		result.Name = &nameTyped
	}
	if fakeResourceSubResourceEmbedded.Properties != nil {
		properties, err := (*fakeResourceSubResourceEmbedded.Properties).ConvertToArm(name)
		if err != nil {
			return nil, err
		}
		propertiesTyped := properties.(FakeResourceProperties_SubResourceEmbeddedArm)
		result.Properties = &propertiesTyped
	}
	return result, nil
}

// CreateEmptyArmValue returns an empty ARM value suitable for deserializing into
func (fakeResourceSubResourceEmbedded *FakeResource_SubResourceEmbedded) CreateEmptyArmValue() interface{} {
	return FakeResource_SubResourceEmbeddedArm{}
}

// PopulateFromArm populates a Kubernetes CRD object from an Azure ARM object
func (fakeResourceSubResourceEmbedded *FakeResource_SubResourceEmbedded) PopulateFromArm(owner genruntime.KnownResourceReference, armInput interface{}) error {
	typedInput, ok := armInput.(FakeResource_SubResourceEmbeddedArm)
	if !ok {
		return fmt.Errorf("unexpected type supplied for PopulateFromArm() function. Expected FakeResource_SubResourceEmbeddedArm, got %T", armInput)
	}
	if typedInput.Name != nil {
		nameTyped := *typedInput.Name
		fakeResourceSubResourceEmbedded.Name = &nameTyped
	}
	var err error
	if typedInput.Properties != nil {
		var properties FakeResourceProperties_SubResourceEmbedded
		err = properties.PopulateFromArm(owner, *typedInput.Properties)
		if err != nil {
			return err
		}
		propertiesTyped := properties
		fakeResourceSubResourceEmbedded.Properties = &propertiesTyped
	}
	return nil
}

//Generated from: https://test.test/schemas/2020-01-01/test.json#/definitions/FakeResource
type FakeResource_SubResourceEmbedded_1 struct {
	Name       *string                                       `json:"name,omitempty"`
	Properties *FakeResourceProperties_SubResourceEmbedded_1 `json:"properties,omitempty"`
}

var _ genruntime.ArmTransformer = &FakeResource_SubResourceEmbedded_1{}

// ConvertToArm converts from a Kubernetes CRD object to an ARM object
func (fakeResourceSubResourceEmbedded1 *FakeResource_SubResourceEmbedded_1) ConvertToArm(name string) (interface{}, error) {
	if fakeResourceSubResourceEmbedded1 == nil {
		return nil, nil
	}
	var result FakeResource_SubResourceEmbedded_1Arm
	if fakeResourceSubResourceEmbedded1.Name != nil {
		nameTyped := *fakeResourceSubResourceEmbedded1.Name
		result.Name = &nameTyped
	}
	if fakeResourceSubResourceEmbedded1.Properties != nil {
		properties, err := (*fakeResourceSubResourceEmbedded1.Properties).ConvertToArm(name)
		if err != nil {
			return nil, err
		}
		propertiesTyped := properties.(FakeResourceProperties_SubResourceEmbedded_1Arm)
		result.Properties = &propertiesTyped
	}
	return result, nil
}

// CreateEmptyArmValue returns an empty ARM value suitable for deserializing into
func (fakeResourceSubResourceEmbedded1 *FakeResource_SubResourceEmbedded_1) CreateEmptyArmValue() interface{} {
	return FakeResource_SubResourceEmbedded_1Arm{}
}

// PopulateFromArm populates a Kubernetes CRD object from an Azure ARM object
func (fakeResourceSubResourceEmbedded1 *FakeResource_SubResourceEmbedded_1) PopulateFromArm(owner genruntime.KnownResourceReference, armInput interface{}) error {
	typedInput, ok := armInput.(FakeResource_SubResourceEmbedded_1Arm)
	if !ok {
		return fmt.Errorf("unexpected type supplied for PopulateFromArm() function. Expected FakeResource_SubResourceEmbedded_1Arm, got %T", armInput)
	}
	if typedInput.Name != nil {
		nameTyped := *typedInput.Name
		fakeResourceSubResourceEmbedded1.Name = &nameTyped
	}
	var err error
	if typedInput.Properties != nil {
		var properties FakeResourceProperties_SubResourceEmbedded_1
		err = properties.PopulateFromArm(owner, *typedInput.Properties)
		if err != nil {
			return err
		}
		propertiesTyped := properties
		fakeResourceSubResourceEmbedded1.Properties = &propertiesTyped
	}
	return nil
}

//Generated from: https://test.test/schemas/2020-01-01/test.json#/definitions/LeftProperties
type LeftProperties struct {
	StrField *string `json:"strField,omitempty"`
}

var _ genruntime.ArmTransformer = &LeftProperties{}

// ConvertToArm converts from a Kubernetes CRD object to an ARM object
func (leftProperties *LeftProperties) ConvertToArm(name string) (interface{}, error) {
	if leftProperties == nil {
		return nil, nil
	}
	var result LeftPropertiesArm
	if leftProperties.StrField != nil {
		strFieldTyped := *leftProperties.StrField
		result.StrField = &strFieldTyped
	}
	return result, nil
}

// CreateEmptyArmValue returns an empty ARM value suitable for deserializing into
func (leftProperties *LeftProperties) CreateEmptyArmValue() interface{} {
	return LeftPropertiesArm{}
}

// PopulateFromArm populates a Kubernetes CRD object from an Azure ARM object
func (leftProperties *LeftProperties) PopulateFromArm(owner genruntime.KnownResourceReference, armInput interface{}) error {
	typedInput, ok := armInput.(LeftPropertiesArm)
	if !ok {
		return fmt.Errorf("unexpected type supplied for PopulateFromArm() function. Expected LeftPropertiesArm, got %T", armInput)
	}
	if typedInput.StrField != nil {
		strFieldTyped := *typedInput.StrField
		leftProperties.StrField = &strFieldTyped
	}
	return nil
}

//Generated from: https://test.test/schemas/2020-01-01/test.json#/definitions/RightProperties
type RightProperties struct {
	StrField *string `json:"strField,omitempty"`
}

var _ genruntime.ArmTransformer = &RightProperties{}

// ConvertToArm converts from a Kubernetes CRD object to an ARM object
func (rightProperties *RightProperties) ConvertToArm(name string) (interface{}, error) {
	if rightProperties == nil {
		return nil, nil
	}
	var result RightPropertiesArm
	if rightProperties.StrField != nil {
		strFieldTyped := *rightProperties.StrField
		result.StrField = &strFieldTyped
	}
	return result, nil
}

// CreateEmptyArmValue returns an empty ARM value suitable for deserializing into
func (rightProperties *RightProperties) CreateEmptyArmValue() interface{} {
	return RightPropertiesArm{}
}

// PopulateFromArm populates a Kubernetes CRD object from an Azure ARM object
func (rightProperties *RightProperties) PopulateFromArm(owner genruntime.KnownResourceReference, armInput interface{}) error {
	typedInput, ok := armInput.(RightPropertiesArm)
	if !ok {
		return fmt.Errorf("unexpected type supplied for PopulateFromArm() function. Expected RightPropertiesArm, got %T", armInput)
	}
	if typedInput.StrField != nil {
		strFieldTyped := *typedInput.StrField
		rightProperties.StrField = &strFieldTyped
	}
	return nil
}

//Generated from: https://test.test/schemas/2020-01-01/test.json#/definitions/FakeResourceProperties
type FakeResourceProperties_SubResourceEmbedded struct {
	Loop2 *Right_SubResourceEmbedded `json:"loop2,omitempty"`
}

var _ genruntime.ArmTransformer = &FakeResourceProperties_SubResourceEmbedded{}

// ConvertToArm converts from a Kubernetes CRD object to an ARM object
func (fakeResourcePropertiesSubResourceEmbedded *FakeResourceProperties_SubResourceEmbedded) ConvertToArm(name string) (interface{}, error) {
	if fakeResourcePropertiesSubResourceEmbedded == nil {
		return nil, nil
	}
	var result FakeResourceProperties_SubResourceEmbeddedArm
	if fakeResourcePropertiesSubResourceEmbedded.Loop2 != nil {
		loop2, err := (*fakeResourcePropertiesSubResourceEmbedded.Loop2).ConvertToArm(name)
		if err != nil {
			return nil, err
		}
		loop2Typed := loop2.(Right_SubResourceEmbeddedArm)
		result.Loop2 = &loop2Typed
	}
	return result, nil
}

// CreateEmptyArmValue returns an empty ARM value suitable for deserializing into
func (fakeResourcePropertiesSubResourceEmbedded *FakeResourceProperties_SubResourceEmbedded) CreateEmptyArmValue() interface{} {
	return FakeResourceProperties_SubResourceEmbeddedArm{}
}

// PopulateFromArm populates a Kubernetes CRD object from an Azure ARM object
func (fakeResourcePropertiesSubResourceEmbedded *FakeResourceProperties_SubResourceEmbedded) PopulateFromArm(owner genruntime.KnownResourceReference, armInput interface{}) error {
	typedInput, ok := armInput.(FakeResourceProperties_SubResourceEmbeddedArm)
	if !ok {
		return fmt.Errorf("unexpected type supplied for PopulateFromArm() function. Expected FakeResourceProperties_SubResourceEmbeddedArm, got %T", armInput)
	}
	var err error
	if typedInput.Loop2 != nil {
		var loop2 Right_SubResourceEmbedded
		err = loop2.PopulateFromArm(owner, *typedInput.Loop2)
		if err != nil {
			return err
		}
		loop2Typed := loop2
		fakeResourcePropertiesSubResourceEmbedded.Loop2 = &loop2Typed
	}
	return nil
}

//Generated from: https://test.test/schemas/2020-01-01/test.json#/definitions/FakeResourceProperties
type FakeResourceProperties_SubResourceEmbedded_1 struct {
	Loop1 *Left_SubResourceEmbedded_1 `json:"loop1,omitempty"`
}

var _ genruntime.ArmTransformer = &FakeResourceProperties_SubResourceEmbedded_1{}

// ConvertToArm converts from a Kubernetes CRD object to an ARM object
func (fakeResourcePropertiesSubResourceEmbedded1 *FakeResourceProperties_SubResourceEmbedded_1) ConvertToArm(name string) (interface{}, error) {
	if fakeResourcePropertiesSubResourceEmbedded1 == nil {
		return nil, nil
	}
	var result FakeResourceProperties_SubResourceEmbedded_1Arm
	if fakeResourcePropertiesSubResourceEmbedded1.Loop1 != nil {
		loop1, err := (*fakeResourcePropertiesSubResourceEmbedded1.Loop1).ConvertToArm(name)
		if err != nil {
			return nil, err
		}
		loop1Typed := loop1.(Left_SubResourceEmbedded_1Arm)
		result.Loop1 = &loop1Typed
	}
	return result, nil
}

// CreateEmptyArmValue returns an empty ARM value suitable for deserializing into
func (fakeResourcePropertiesSubResourceEmbedded1 *FakeResourceProperties_SubResourceEmbedded_1) CreateEmptyArmValue() interface{} {
	return FakeResourceProperties_SubResourceEmbedded_1Arm{}
}

// PopulateFromArm populates a Kubernetes CRD object from an Azure ARM object
func (fakeResourcePropertiesSubResourceEmbedded1 *FakeResourceProperties_SubResourceEmbedded_1) PopulateFromArm(owner genruntime.KnownResourceReference, armInput interface{}) error {
	typedInput, ok := armInput.(FakeResourceProperties_SubResourceEmbedded_1Arm)
	if !ok {
		return fmt.Errorf("unexpected type supplied for PopulateFromArm() function. Expected FakeResourceProperties_SubResourceEmbedded_1Arm, got %T", armInput)
	}
	var err error
	if typedInput.Loop1 != nil {
		var loop1 Left_SubResourceEmbedded_1
		err = loop1.PopulateFromArm(owner, *typedInput.Loop1)
		if err != nil {
			return err
		}
		loop1Typed := loop1
		fakeResourcePropertiesSubResourceEmbedded1.Loop1 = &loop1Typed
	}
	return nil
}

//Generated from: https://test.test/schemas/2020-01-01/test.json#/definitions/Left
type Left_SubResourceEmbedded_1Arm struct {
	Name       *string            `json:"name,omitempty"`
	Properties *LeftPropertiesArm `json:"properties,omitempty"`
}

//Generated from: https://test.test/schemas/2020-01-01/test.json#/definitions/Right
type Right_SubResourceEmbeddedArm struct {
	Name       *string             `json:"name,omitempty"`
	Properties *RightPropertiesArm `json:"properties,omitempty"`
}

//Generated from: https://test.test/schemas/2020-01-01/test.json#/definitions/Left
type Left_SubResourceEmbedded_1 struct {
	Name       *string         `json:"name,omitempty"`
	Properties *LeftProperties `json:"properties,omitempty"`
}

var _ genruntime.ArmTransformer = &Left_SubResourceEmbedded_1{}

// ConvertToArm converts from a Kubernetes CRD object to an ARM object
func (leftSubResourceEmbedded1 *Left_SubResourceEmbedded_1) ConvertToArm(name string) (interface{}, error) {
	if leftSubResourceEmbedded1 == nil {
		return nil, nil
	}
	var result Left_SubResourceEmbedded_1Arm
	if leftSubResourceEmbedded1.Name != nil {
		nameTyped := *leftSubResourceEmbedded1.Name
		result.Name = &nameTyped
	}
	if leftSubResourceEmbedded1.Properties != nil {
		properties, err := (*leftSubResourceEmbedded1.Properties).ConvertToArm(name)
		if err != nil {
			return nil, err
		}
		propertiesTyped := properties.(LeftPropertiesArm)
		result.Properties = &propertiesTyped
	}
	return result, nil
}

// CreateEmptyArmValue returns an empty ARM value suitable for deserializing into
func (leftSubResourceEmbedded1 *Left_SubResourceEmbedded_1) CreateEmptyArmValue() interface{} {
	return Left_SubResourceEmbedded_1Arm{}
}

// PopulateFromArm populates a Kubernetes CRD object from an Azure ARM object
func (leftSubResourceEmbedded1 *Left_SubResourceEmbedded_1) PopulateFromArm(owner genruntime.KnownResourceReference, armInput interface{}) error {
	typedInput, ok := armInput.(Left_SubResourceEmbedded_1Arm)
	if !ok {
		return fmt.Errorf("unexpected type supplied for PopulateFromArm() function. Expected Left_SubResourceEmbedded_1Arm, got %T", armInput)
	}
	if typedInput.Name != nil {
		nameTyped := *typedInput.Name
		leftSubResourceEmbedded1.Name = &nameTyped
	}
	var err error
	if typedInput.Properties != nil {
		var properties LeftProperties
		err = properties.PopulateFromArm(owner, *typedInput.Properties)
		if err != nil {
			return err
		}
		propertiesTyped := properties
		leftSubResourceEmbedded1.Properties = &propertiesTyped
	}
	return nil
}

//Generated from: https://test.test/schemas/2020-01-01/test.json#/definitions/Right
type Right_SubResourceEmbedded struct {
	Name       *string          `json:"name,omitempty"`
	Properties *RightProperties `json:"properties,omitempty"`
}

var _ genruntime.ArmTransformer = &Right_SubResourceEmbedded{}

// ConvertToArm converts from a Kubernetes CRD object to an ARM object
func (rightSubResourceEmbedded *Right_SubResourceEmbedded) ConvertToArm(name string) (interface{}, error) {
	if rightSubResourceEmbedded == nil {
		return nil, nil
	}
	var result Right_SubResourceEmbeddedArm
	if rightSubResourceEmbedded.Name != nil {
		nameTyped := *rightSubResourceEmbedded.Name
		result.Name = &nameTyped
	}
	if rightSubResourceEmbedded.Properties != nil {
		properties, err := (*rightSubResourceEmbedded.Properties).ConvertToArm(name)
		if err != nil {
			return nil, err
		}
		propertiesTyped := properties.(RightPropertiesArm)
		result.Properties = &propertiesTyped
	}
	return result, nil
}

// CreateEmptyArmValue returns an empty ARM value suitable for deserializing into
func (rightSubResourceEmbedded *Right_SubResourceEmbedded) CreateEmptyArmValue() interface{} {
	return Right_SubResourceEmbeddedArm{}
}

// PopulateFromArm populates a Kubernetes CRD object from an Azure ARM object
func (rightSubResourceEmbedded *Right_SubResourceEmbedded) PopulateFromArm(owner genruntime.KnownResourceReference, armInput interface{}) error {
	typedInput, ok := armInput.(Right_SubResourceEmbeddedArm)
	if !ok {
		return fmt.Errorf("unexpected type supplied for PopulateFromArm() function. Expected Right_SubResourceEmbeddedArm, got %T", armInput)
	}
	if typedInput.Name != nil {
		nameTyped := *typedInput.Name
		rightSubResourceEmbedded.Name = &nameTyped
	}
	var err error
	if typedInput.Properties != nil {
		var properties RightProperties
		err = properties.PopulateFromArm(owner, *typedInput.Properties)
		if err != nil {
			return err
		}
		propertiesTyped := properties
		rightSubResourceEmbedded.Properties = &propertiesTyped
	}
	return nil
}

func init() {
	SchemeBuilder.Register(&A{}, &AList{})
}
